Archive member included because of file (symbol)

/home/ubuntu/pebble-dev/PebbleSDK-3.3/Pebble/basalt/lib/libpebble.a(tmpj7f55Vpebble.o)
                              src/simple_analog.c.6.o (app_event_loop)

Discarded input sections

 .text          0x00000000        0x0 /home/ubuntu/pebble-dev/PebbleSDK-3.3/arm-cs-tools/bin/../lib/gcc/arm-none-eabi/4.7.3/thumb2/crti.o
 .bss           0x00000000        0x0 /home/ubuntu/pebble-dev/PebbleSDK-3.3/arm-cs-tools/bin/../lib/gcc/arm-none-eabi/4.7.3/thumb2/crti.o
 .init          0x00000000        0x4 /home/ubuntu/pebble-dev/PebbleSDK-3.3/arm-cs-tools/bin/../lib/gcc/arm-none-eabi/4.7.3/thumb2/crti.o
 .fini          0x00000000        0x4 /home/ubuntu/pebble-dev/PebbleSDK-3.3/arm-cs-tools/bin/../lib/gcc/arm-none-eabi/4.7.3/thumb2/crti.o
 .text          0x00000000       0xc8 /home/ubuntu/pebble-dev/PebbleSDK-3.3/arm-cs-tools/bin/../lib/gcc/arm-none-eabi/4.7.3/thumb2/crtbegin.o
 .bss           0x00000000       0x1c /home/ubuntu/pebble-dev/PebbleSDK-3.3/arm-cs-tools/bin/../lib/gcc/arm-none-eabi/4.7.3/thumb2/crtbegin.o
 .init_array    0x00000000        0x4 /home/ubuntu/pebble-dev/PebbleSDK-3.3/arm-cs-tools/bin/../lib/gcc/arm-none-eabi/4.7.3/thumb2/crtbegin.o
 .fini_array    0x00000000        0x4 /home/ubuntu/pebble-dev/PebbleSDK-3.3/arm-cs-tools/bin/../lib/gcc/arm-none-eabi/4.7.3/thumb2/crtbegin.o
 .eh_frame      0x00000000        0x0 /home/ubuntu/pebble-dev/PebbleSDK-3.3/arm-cs-tools/bin/../lib/gcc/arm-none-eabi/4.7.3/thumb2/crtbegin.o
 .jcr           0x00000000        0x0 /home/ubuntu/pebble-dev/PebbleSDK-3.3/arm-cs-tools/bin/../lib/gcc/arm-none-eabi/4.7.3/thumb2/crtbegin.o
 .tm_clone_table
                0x00000000        0x0 /home/ubuntu/pebble-dev/PebbleSDK-3.3/arm-cs-tools/bin/../lib/gcc/arm-none-eabi/4.7.3/thumb2/crtbegin.o
 .text          0x00000000        0x0 src/simple_analog.c.6.o
 .bss           0x00000000        0x0 src/simple_analog.c.6.o
 .text          0x00000000        0x0 basalt/appinfo.auto.c.6.o
 .bss           0x00000000        0x0 basalt/appinfo.auto.c.6.o
 .bss           0x00000000        0x0 /home/ubuntu/pebble-dev/PebbleSDK-3.3/Pebble/basalt/lib/libpebble.a(tmpj7f55Vpebble.o)
 .text.accel_data_service_subscribe__deprecated
                0x00000000        0xc /home/ubuntu/pebble-dev/PebbleSDK-3.3/Pebble/basalt/lib/libpebble.a(tmpj7f55Vpebble.o)
 .text.accel_data_service_unsubscribe
                0x00000000        0xc /home/ubuntu/pebble-dev/PebbleSDK-3.3/Pebble/basalt/lib/libpebble.a(tmpj7f55Vpebble.o)
 .text.accel_service_peek
                0x00000000        0xc /home/ubuntu/pebble-dev/PebbleSDK-3.3/Pebble/basalt/lib/libpebble.a(tmpj7f55Vpebble.o)
 .text.accel_service_set_samples_per_update
                0x00000000        0xc /home/ubuntu/pebble-dev/PebbleSDK-3.3/Pebble/basalt/lib/libpebble.a(tmpj7f55Vpebble.o)
 .text.accel_service_set_sampling_rate
                0x00000000        0xc /home/ubuntu/pebble-dev/PebbleSDK-3.3/Pebble/basalt/lib/libpebble.a(tmpj7f55Vpebble.o)
 .text.accel_tap_service_subscribe
                0x00000000        0xc /home/ubuntu/pebble-dev/PebbleSDK-3.3/Pebble/basalt/lib/libpebble.a(tmpj7f55Vpebble.o)
 .text.accel_tap_service_unsubscribe
                0x00000000        0xc /home/ubuntu/pebble-dev/PebbleSDK-3.3/Pebble/basalt/lib/libpebble.a(tmpj7f55Vpebble.o)
 .text.action_bar_layer_legacy2_add_to_window
                0x00000000        0xc /home/ubuntu/pebble-dev/PebbleSDK-3.3/Pebble/basalt/lib/libpebble.a(tmpj7f55Vpebble.o)
 .text.action_bar_layer_legacy2_clear_icon
                0x00000000        0xc /home/ubuntu/pebble-dev/PebbleSDK-3.3/Pebble/basalt/lib/libpebble.a(tmpj7f55Vpebble.o)
 .text.action_bar_layer_legacy2_create
                0x00000000        0xc /home/ubuntu/pebble-dev/PebbleSDK-3.3/Pebble/basalt/lib/libpebble.a(tmpj7f55Vpebble.o)
 .text.action_bar_layer_legacy2_destroy
                0x00000000        0xc /home/ubuntu/pebble-dev/PebbleSDK-3.3/Pebble/basalt/lib/libpebble.a(tmpj7f55Vpebble.o)
 .text.action_bar_layer_legacy2_get_layer
                0x00000000        0xc /home/ubuntu/pebble-dev/PebbleSDK-3.3/Pebble/basalt/lib/libpebble.a(tmpj7f55Vpebble.o)
 .text.action_bar_layer_legacy2_remove_from_window
                0x00000000        0xc /home/ubuntu/pebble-dev/PebbleSDK-3.3/Pebble/basalt/lib/libpebble.a(tmpj7f55Vpebble.o)
 .text.action_bar_layer_legacy2_set_background_color_2bit
                0x00000000        0xc /home/ubuntu/pebble-dev/PebbleSDK-3.3/Pebble/basalt/lib/libpebble.a(tmpj7f55Vpebble.o)
 .text.action_bar_layer_legacy2_set_click_config_provider
                0x00000000        0xc /home/ubuntu/pebble-dev/PebbleSDK-3.3/Pebble/basalt/lib/libpebble.a(tmpj7f55Vpebble.o)
 .text.action_bar_layer_legacy2_set_context
                0x00000000        0xc /home/ubuntu/pebble-dev/PebbleSDK-3.3/Pebble/basalt/lib/libpebble.a(tmpj7f55Vpebble.o)
 .text.action_bar_layer_legacy2_set_icon
[...]
Memory Configuration

Name             Origin             Length             Attributes
APP              0x00000000         0x00010000         xrw
*default*        0x00000000         0xffffffff

Linker script and memory map

LOAD /home/ubuntu/pebble-dev/PebbleSDK-3.3/arm-cs-tools/bin/../lib/gcc/arm-none-eabi/4.7.3/thumb2/crti.o
LOAD /home/ubuntu/pebble-dev/PebbleSDK-3.3/arm-cs-tools/bin/../lib/gcc/arm-none-eabi/4.7.3/thumb2/crtbegin.o
LOAD src/simple_analog.c.6.o
LOAD basalt/appinfo.auto.c.6.o
LOAD /home/ubuntu/pebble-dev/PebbleSDK-3.3/Pebble/basalt/lib/libpebble.a
START GROUP
LOAD /home/ubuntu/pebble-dev/PebbleSDK-3.3/arm-cs-tools/bin/../lib/gcc/arm-none-eabi/4.7.3/thumb2/libgcc.a
LOAD /home/ubuntu/pebble-dev/PebbleSDK-3.3/arm-cs-tools/bin/../lib/gcc/arm-none-eabi/4.7.3/../../../../arm-none-eabi/lib/thumb2/libc.a
END GROUP
LOAD /home/ubuntu/pebble-dev/PebbleSDK-3.3/arm-cs-tools/bin/../lib/gcc/arm-none-eabi/4.7.3/thumb2/crtend.o
LOAD /home/ubuntu/pebble-dev/PebbleSDK-3.3/arm-cs-tools/bin/../lib/gcc/arm-none-eabi/4.7.3/thumb2/crtn.o

.header         0x00000000       0x82
 *(.pbl_header)
 .pbl_header    0x00000000       0x82 basalt/appinfo.auto.c.6.o
                0x00000000                __pbl_app_info

.note.gnu.build-id
                0x00000082       0x26
                0x00000082                PROVIDE (BUILD_ID, .)
 *(.note.gnu.build-id)
 *fill*         0x00000082        0x2 
 .note.gnu.build-id
                0x00000084       0x24 linker stubs

.text           0x000000a8      0xc94
 *(.text)
 .text          0x000000a8       0x14 /home/ubuntu/pebble-dev/PebbleSDK-3.3/Pebble/basalt/lib/libpebble.a(tmpj7f55Vpebble.o)
 *(.text.*)
 .text.handle_second_tick
                0x000000bc       0x18 src/simple_analog.c.6.o
 .text.window_unload
                0x000000d4       0x4c src/simple_analog.c.6.o
 .text.window_load
                0x00000120      0x67c src/simple_analog.c.6.o
 .text.hands_update_proc
                0x0000079c      0x11c src/simple_analog.c.6.o
 .text.date_update_proc
                0x000008b8       0x6c src/simple_analog.c.6.o
 .text.bg_update_proc
                0x00000924       0x4c src/simple_analog.c.6.o
 .text.startup.main
                0x00000970      0x13c src/simple_analog.c.6.o
                0x00000970                main
 .text.app_event_loop
                0x00000aac        0xc /home/ubuntu/pebble-dev/PebbleSDK-3.3/Pebble/basalt/lib/libpebble.a(tmpj7f55Vpebble.o)
                0x00000aac                app_event_loop
 .text.cos_lookup
                0x00000ab8        0xc /home/ubuntu/pebble-dev/PebbleSDK-3.3/Pebble/basalt/lib/libpebble.a(tmpj7f55Vpebble.o)
                0x00000ab8                cos_lookup
 .text.fonts_get_system_font
                0x00000ac4        0xc /home/ubuntu/pebble-dev/PebbleSDK-3.3/Pebble/basalt/lib/libpebble.a(tmpj7f55Vpebble.o)
                0x00000ac4                fonts_get_system_font
 .text.gpath_create
                0x00000ad0        0xc /home/ubuntu/pebble-dev/PebbleSDK-3.3/Pebble/basalt/lib/libpebble.a(tmpj7f55Vpebble.o)
                0x00000ad0                gpath_create
 .text.gpath_destroy
                0x00000adc        0xc /home/ubuntu/pebble-dev/PebbleSDK-3.3/Pebble/basalt/lib/libpebble.a(tmpj7f55Vpebble.o)
                0x00000adc                gpath_destroy
 .text.gpath_draw_outline
                0x00000ae8        0xc /home/ubuntu/pebble-dev/PebbleSDK-3.3/Pebble/basalt/lib/libpebble.a(tmpj7f55Vpebble.o)
                0x00000ae8                gpath_draw_outline
 .text.gpath_move_to
                0x00000af4        0xc /home/ubuntu/pebble-dev/PebbleSDK-3.3/Pebble/basalt/lib/libpebble.a(tmpj7f55Vpebble.o)
                0x00000af4                gpath_move_to
 .text.gpath_rotate_to
                0x00000b00        0xc /home/ubuntu/pebble-dev/PebbleSDK-3.3/Pebble/basalt/lib/libpebble.a(tmpj7f55Vpebble.o)
                0x00000b00                gpath_rotate_to
 .text.graphics_draw_line
                0x00000b0c        0xc /home/ubuntu/pebble-dev/PebbleSDK-3.3/Pebble/basalt/lib/libpebble.a(tmpj7f55Vpebble.o)
                0x00000b0c                graphics_draw_line
 .text.graphics_fill_rect
                0x00000b18        0xc /home/ubuntu/pebble-dev/PebbleSDK-3.3/Pebble/basalt/lib/libpebble.a(tmpj7f55Vpebble.o)
                0x00000b18                graphics_fill_rect
 .text.grect_center_point
                0x00000b24        0xc /home/ubuntu/pebble-dev/PebbleSDK-3.3/Pebble/basalt/lib/libpebble.a(tmpj7f55Vpebble.o)
                0x00000b24                grect_center_point
 .text.layer_add_child
                0x00000b30        0xc /home/ubuntu/pebble-dev/PebbleSDK-3.3/Pebble/basalt/lib/libpebble.a(tmpj7f55Vpebble.o)
                0x00000b30                layer_add_child
 .text.layer_create
                0x00000b3c        0xc /home/ubuntu/pebble-dev/PebbleSDK-3.3/Pebble/basalt/lib/libpebble.a(tmpj7f55Vpebble.o)
                0x00000b3c                layer_create
 .text.layer_destroy
                0x00000b48        0xc /home/ubuntu/pebble-dev/PebbleSDK-3.3/Pebble/basalt/lib/libpebble.a(tmpj7f55Vpebble.o)
                0x00000b48                layer_destroy
 .text.layer_get_bounds
                0x00000b54        0xc /home/ubuntu/pebble-dev/PebbleSDK-3.3/Pebble/basalt/lib/libpebble.a(tmpj7f55Vpebble.o)
                0x00000b54                layer_get_bounds
 .text.layer_mark_dirty
                0x00000b60        0xc /home/ubuntu/pebble-dev/PebbleSDK-3.3/Pebble/basalt/lib/libpebble.a(tmpj7f55Vpebble.o)
                0x00000b60                layer_mark_dirty
 .text.layer_set_update_proc
                0x00000b6c        0xc /home/ubuntu/pebble-dev/PebbleSDK-3.3/Pebble/basalt/lib/libpebble.a(tmpj7f55Vpebble.o)
                0x00000b6c                layer_set_update_proc
 .text.memset   0x00000b78        0xc /home/ubuntu/pebble-dev/PebbleSDK-3.3/Pebble/basalt/lib/libpebble.a(tmpj7f55Vpebble.o)
                0x00000b78                memset
 .text.sin_lookup
                0x00000b84        0xc /home/ubuntu/pebble-dev/PebbleSDK-3.3/Pebble/basalt/lib/libpebble.a(tmpj7f55Vpebble.o)
                0x00000b84                sin_lookup
 .text.strftime
                0x00000b90        0xc /home/ubuntu/pebble-dev/PebbleSDK-3.3/Pebble/basalt/lib/libpebble.a(tmpj7f55Vpebble.o)
                0x00000b90                strftime
 .text.tick_timer_service_subscribe
                0x00000b9c        0xc /home/ubuntu/pebble-dev/PebbleSDK-3.3/Pebble/basalt/lib/libpebble.a(tmpj7f55Vpebble.o)
                0x00000b9c                tick_timer_service_subscribe
 .text.tick_timer_service_unsubscribe
                0x00000ba8        0xc /home/ubuntu/pebble-dev/PebbleSDK-3.3/Pebble/basalt/lib/libpebble.a(tmpj7f55Vpebble.o)
                0x00000ba8                tick_timer_service_unsubscribe
 .text.window_create
                0x00000bb4        0xc /home/ubuntu/pebble-dev/PebbleSDK-3.3/Pebble/basalt/lib/libpebble.a(tmpj7f55Vpebble.o)
                0x00000bb4                window_create
 .text.window_destroy
                0x00000bc0        0xc /home/ubuntu/pebble-dev/PebbleSDK-3.3/Pebble/basalt/lib/libpebble.a(tmpj7f55Vpebble.o)
                0x00000bc0                window_destroy
 .text.window_get_root_layer
                0x00000bcc        0xc /home/ubuntu/pebble-dev/PebbleSDK-3.3/Pebble/basalt/lib/libpebble.a(tmpj7f55Vpebble.o)
                0x00000bcc                window_get_root_layer
 .text.window_set_window_handlers
                0x00000bd8        0xc /home/ubuntu/pebble-dev/PebbleSDK-3.3/Pebble/basalt/lib/libpebble.a(tmpj7f55Vpebble.o)
                0x00000bd8                window_set_window_handlers
 .text.window_stack_push
                0x00000be4        0xc /home/ubuntu/pebble-dev/PebbleSDK-3.3/Pebble/basalt/lib/libpebble.a(tmpj7f55Vpebble.o)
                0x00000be4                window_stack_push
 .text.gpath_draw_filled
                0x00000bf0        0xc /home/ubuntu/pebble-dev/PebbleSDK-3.3/Pebble/basalt/lib/libpebble.a(tmpj7f55Vpebble.o)
                0x00000bf0                gpath_draw_filled
 .text.graphics_context_set_fill_color
                0x00000bfc        0xc /home/ubuntu/pebble-dev/PebbleSDK-3.3/Pebble/basalt/lib/libpebble.a(tmpj7f55Vpebble.o)
                0x00000bfc                graphics_context_set_fill_color
 .text.graphics_context_set_stroke_color
                0x00000c08        0xc /home/ubuntu/pebble-dev/PebbleSDK-3.3/Pebble/basalt/lib/libpebble.a(tmpj7f55Vpebble.o)
                0x00000c08                graphics_context_set_stroke_color
 .text.localtime
                0x00000c14        0xc /home/ubuntu/pebble-dev/PebbleSDK-3.3/Pebble/basalt/lib/libpebble.a(tmpj7f55Vpebble.o)
                0x00000c14                localtime
 .text.text_layer_create
                0x00000c20        0xc /home/ubuntu/pebble-dev/PebbleSDK-3.3/Pebble/basalt/lib/libpebble.a(tmpj7f55Vpebble.o)
                0x00000c20                text_layer_create
 .text.text_layer_destroy
                0x00000c2c        0xc /home/ubuntu/pebble-dev/PebbleSDK-3.3/Pebble/basalt/lib/libpebble.a(tmpj7f55Vpebble.o)
                0x00000c2c                text_layer_destroy
 .text.text_layer_get_layer
                0x00000c38        0xc /home/ubuntu/pebble-dev/PebbleSDK-3.3/Pebble/basalt/lib/libpebble.a(tmpj7f55Vpebble.o)
                0x00000c38                text_layer_get_layer
 .text.text_layer_set_background_color
                0x00000c44        0xc /home/ubuntu/pebble-dev/PebbleSDK-3.3/Pebble/basalt/lib/libpebble.a(tmpj7f55Vpebble.o)
                0x00000c44                text_layer_set_background_color
 .text.text_layer_set_font
                0x00000c50        0xc /home/ubuntu/pebble-dev/PebbleSDK-3.3/Pebble/basalt/lib/libpebble.a(tmpj7f55Vpebble.o)
                0x00000c50                text_layer_set_font
 .text.text_layer_set_text
                0x00000c5c        0xc /home/ubuntu/pebble-dev/PebbleSDK-3.3/Pebble/basalt/lib/libpebble.a(tmpj7f55Vpebble.o)
                0x00000c5c                text_layer_set_text
 .text.text_layer_set_text_color
                0x00000c68        0xc /home/ubuntu/pebble-dev/PebbleSDK-3.3/Pebble/basalt/lib/libpebble.a(tmpj7f55Vpebble.o)
                0x00000c68                text_layer_set_text_color
 .text.time     0x00000c74        0xc /home/ubuntu/pebble-dev/PebbleSDK-3.3/Pebble/basalt/lib/libpebble.a(tmpj7f55Vpebble.o)
                0x00000c74                time
 *(.rodata)
 .rodata        0x00000c80       0x70 src/simple_analog.c.6.o
 *(.rodata*)
 .rodata.str1.1
                0x00000cf0       0x4c src/simple_analog.c.6.o
                                 0x52 (size before relaxing)

.glue_7         0x00000d3c        0x0
 .glue_7        0x00000000        0x0 linker stubs

.glue_7t        0x00000d3c        0x0
 .glue_7t       0x00000000        0x0 linker stubs

.vfp11_veneer   0x00000d3c        0x0
 .vfp11_veneer  0x00000000        0x0 linker stubs

.v4_bx          0x00000d3c        0x0
 .v4_bx         0x00000000        0x0 linker stubs

.iplt           0x00000d3c        0x0
 .iplt          0x00000000        0x0 /home/ubuntu/pebble-dev/PebbleSDK-3.3/arm-cs-tools/bin/../lib/gcc/arm-none-eabi/4.7.3/thumb2/crtbegin.o

.rel.dyn        0x00000d3c        0x0
 .rel.iplt      0x00000000        0x0 /home/ubuntu/pebble-dev/PebbleSDK-3.3/arm-cs-tools/bin/../lib/gcc/arm-none-eabi/4.7.3/thumb2/crtbegin.o

.data           0x00000d3c      0x1b4
 *(.data)
 .data          0x00000d3c        0x0 /home/ubuntu/pebble-dev/PebbleSDK-3.3/arm-cs-tools/bin/../lib/gcc/arm-none-eabi/4.7.3/thumb2/crti.o
 .data          0x00000d3c        0x4 /home/ubuntu/pebble-dev/PebbleSDK-3.3/arm-cs-tools/bin/../lib/gcc/arm-none-eabi/4.7.3/thumb2/crtbegin.o
                0x00000d3c                __dso_handle
 .data          0x00000d40        0x0 src/simple_analog.c.6.o
 .data          0x00000d40        0x0 basalt/appinfo.auto.c.6.o
 .data          0x00000d40        0x0 /home/ubuntu/pebble-dev/PebbleSDK-3.3/Pebble/basalt/lib/libpebble.a(tmpj7f55Vpebble.o)
 .data          0x00000d40        0x0 /home/ubuntu/pebble-dev/PebbleSDK-3.3/arm-cs-tools/bin/../lib/gcc/arm-none-eabi/4.7.3/thumb2/crtend.o
 .data          0x00000d40        0x0 /home/ubuntu/pebble-dev/PebbleSDK-3.3/arm-cs-tools/bin/../lib/gcc/arm-none-eabi/4.7.3/thumb2/crtn.o
 *(.data.*)
 .data.__compound_literal.3
                0x00000d40       0x10 src/simple_analog.c.6.o
 .data.__compound_literal.4
                0x00000d50       0x10 src/simple_analog.c.6.o
 .data.__compound_literal.5
                0x00000d60       0x10 src/simple_analog.c.6.o
 .data.__compound_literal.6
                0x00000d70       0x10 src/simple_analog.c.6.o
 .data.__compound_literal.7
                0x00000d80       0x10 src/simple_analog.c.6.o
 .data.__compound_literal.8
                0x00000d90       0x10 src/simple_analog.c.6.o
 .data.rel.ro.local.ANALOG_BG_POINTS
                0x00000da0       0x80 src/simple_analog.c.6.o
 .data.__compound_literal.0
                0x00000e20       0x10 src/simple_analog.c.6.o
 .data.__compound_literal.1
                0x00000e30       0x10 src/simple_analog.c.6.o
 .data.__compound_literal.2
                0x00000e40       0x10 src/simple_analog.c.6.o
 .data.__compound_literal.9
                0x00000e50       0x10 src/simple_analog.c.6.o
 .data.__compound_literal.13
                0x00000e60       0x10 src/simple_analog.c.6.o
 .data.__compound_literal.15
                0x00000e70       0x10 src/simple_analog.c.6.o
 .data.rel.ro.local.MINUTE_HAND_POINTS
                0x00000e80        0x8 src/simple_analog.c.6.o
 .data.__compound_literal.11
                0x00000e88       0x10 src/simple_analog.c.6.o
 .data.__compound_literal.10
                0x00000e98       0x10 src/simple_analog.c.6.o
 .data.__compound_literal.14
                0x00000ea8       0x10 src/simple_analog.c.6.o
 .data.__compound_literal.16
                0x00000eb8       0x10 src/simple_analog.c.6.o
 .data.__compound_literal.17
                0x00000ec8       0x10 src/simple_analog.c.6.o
 .data.__compound_literal.12
                0x00000ed8       0x10 src/simple_analog.c.6.o
 .data.rel.ro.local.HOUR_HAND_POINTS
                0x00000ee8        0x8 src/simple_analog.c.6.o

.igot.plt       0x00000ef0        0x0
 .igot.plt      0x00000000        0x0 /home/ubuntu/pebble-dev/PebbleSDK-3.3/arm-cs-tools/bin/../lib/gcc/arm-none-eabi/4.7.3/thumb2/crtbegin.o

.bss            0x00000ef0       0x9c
 *(.bss)
 *(.bss.*)
 .bss.s_simple_bg_layer
                0x00000ef0        0x4 src/simple_analog.c.6.o
 .bss.s_twelve_label
                0x00000ef4        0x4 src/simple_analog.c.6.o
 .bss.s_day_buffer
                0x00000ef8        0x6 src/simple_analog.c.6.o
 *fill*         0x00000efe        0x2 
 .bss.s_six_label
                0x00000f00        0x4 src/simple_analog.c.6.o
 .bss.s_hour_arrow
                0x00000f04        0x4 src/simple_analog.c.6.o
 .bss.s_five_label
                0x00000f08        0x4 src/simple_analog.c.6.o
 .bss.s_seven_label
                0x00000f0c        0x4 src/simple_analog.c.6.o
 .bss.s_nine_label
                0x00000f10        0x4 src/simple_analog.c.6.o
 .bss.s_two_label
                0x00000f14        0x4 src/simple_analog.c.6.o
 .bss.s_one_label
                0x00000f18        0x4 src/simple_analog.c.6.o
 .bss.s_num_label
                0x00000f1c        0x4 src/simple_analog.c.6.o
 .bss.s_hands_layer
                0x00000f20        0x4 src/simple_analog.c.6.o
 .bss.s_eleven_label
                0x00000f24        0x4 src/simple_analog.c.6.o
 .bss.s_date_layer
                0x00000f28        0x4 src/simple_analog.c.6.o
 .bss.s_eight_label
                0x00000f2c        0x4 src/simple_analog.c.6.o
 .bss.s_ten_label
                0x00000f30        0x4 src/simple_analog.c.6.o
 .bss.s_num_buffer
                0x00000f34        0x4 src/simple_analog.c.6.o
 .bss.s_minute_arrow
                0x00000f38        0x4 src/simple_analog.c.6.o
 .bss.window    0x00000f3c        0x4 src/simple_analog.c.6.o
 .bss.s_day_label
                0x00000f40        0x4 src/simple_analog.c.6.o
 .bss.s_three_label
                0x00000f44        0x4 src/simple_analog.c.6.o
 .bss.s_tick_paths
                0x00000f48       0x40 src/simple_analog.c.6.o
 .bss.s_four_label
                0x00000f88        0x4 src/simple_analog.c.6.o

DISCARD
 libc.a(*)
 libm.a(*)
 libgcc.a(*)
 *(.eh_frame)
OUTPUT(/home/ubuntu/prototype/build/basalt/pebble-app.elf elf32-littlearm)

.ARM.attributes
                0x00000000       0x27
 .ARM.attributes
                0x00000000       0x19 /home/ubuntu/pebble-dev/PebbleSDK-3.3/arm-cs-tools/bin/../lib/gcc/arm-none-eabi/4.7.3/thumb2/crti.o
 .ARM.attributes
                0x00000019       0x29 /home/ubuntu/pebble-dev/PebbleSDK-3.3/arm-cs-tools/bin/../lib/gcc/arm-none-eabi/4.7.3/thumb2/crtbegin.o
 .ARM.attributes
                0x00000042       0x33 src/simple_analog.c.6.o
 .ARM.attributes
                0x00000075       0x33 basalt/appinfo.auto.c.6.o
 .ARM.attributes
                0x000000a8       0x21 /home/ubuntu/pebble-dev/PebbleSDK-3.3/Pebble/basalt/lib/libpebble.a(tmpj7f55Vpebble.o)
 .ARM.attributes
                0x000000c9       0x29 /home/ubuntu/pebble-dev/PebbleSDK-3.3/arm-cs-tools/bin/../lib/gcc/arm-none-eabi/4.7.3/thumb2/crtend.o
 .ARM.attributes
                0x000000f2       0x19 /home/ubuntu/pebble-dev/PebbleSDK-3.3/arm-cs-tools/bin/../lib/gcc/arm-none-eabi/4.7.3/thumb2/crtn.o

.comment        0x00000000       0x4e
 .comment       0x00000000       0x4e /home/ubuntu/pebble-dev/PebbleSDK-3.3/arm-cs-tools/bin/../lib/gcc/arm-none-eabi/4.7.3/thumb2/crtbegin.o
                                 0x4f (size before relaxing)
 .comment       0x00000000       0x4f src/simple_analog.c.6.o
 .comment       0x00000000       0x4f basalt/appinfo.auto.c.6.o
 .comment       0x00000000       0x4f /home/ubuntu/pebble-dev/PebbleSDK-3.3/arm-cs-tools/bin/../lib/gcc/arm-none-eabi/4.7.3/thumb2/crtend.o

.debug_info     0x00000000     0x1b18
 .debug_info    0x00000000     0x17ea src/simple_analog.c.6.o
 .debug_info    0x000017ea      0x32e basalt/appinfo.auto.c.6.o

.debug_abbrev   0x00000000      0x361
 .debug_abbrev  0x00000000      0x2c3 src/simple_analog.c.6.o
 .debug_abbrev  0x000002c3       0x9e basalt/appinfo.auto.c.6.o

.debug_loc      0x00000000      0x35f
 .debug_loc     0x00000000      0x35f src/simple_analog.c.6.o

.debug_aranges  0x00000000       0x68
 .debug_aranges
                0x00000000       0x50 src/simple_analog.c.6.o
 .debug_aranges
                0x00000050       0x18 basalt/appinfo.auto.c.6.o

.debug_ranges   0x00000000       0x58
 .debug_ranges  0x00000000       0x58 src/simple_analog.c.6.o

.debug_line     0x00000000      0x4cf
 .debug_line    0x00000000      0x39e src/simple_analog.c.6.o
 .debug_line    0x0000039e      0x131 basalt/appinfo.auto.c.6.o

.debug_str      0x00000000      0x9e0
 .debug_str     0x00000000      0x797 src/simple_analog.c.6.o
                                0x837 (size before relaxing)
 .debug_str     0x00000797      0x249 basalt/appinfo.auto.c.6.o
                                0x325 (size before relaxing)

.debug_frame    0x00000000       0xf4
 .debug_frame   0x00000000       0xf4 src/simple_analog.c.6.o
